// 重构日志: 0205107e
// 重构日志: daa356aa
// 重构日志: 6548dfe0
// 同步 ID: cb2656fe @ Sat Jul 25 15:12:20 UTC 2026
// 重构日志: 44852972
// 重构日志: 3f6d25ba
// 同步 ID: a6e57cda @ Mon Jul 27 09:36:05 UTC 2026
// 同步 ID: 04f6c0f2 @ Tue Jul 28 08:14:58 UTC 2026
// 重构日志: 87b434b8
// 重构日志: 5be00d97
// 重构日志: 6bf7657d
// 重构日志: bbb395a8
// 同步 ID: 903a9b29 @ Thu Jul 30 08:15:02 UTC 2026
// 重构日志: b39f6b5e
// 重构日志: d1eebb80
// 同步 ID: 00ca3932 @ Thu Jul 30 17:33:32 UTC 2026
// 重构日志: ff76d842
// 重构日志: ee9db730
// 重构日志: 3f4fa1fe
// 重构日志: 178bea16
// 同步 ID: ef86e4ab @ Sat Aug  1 12:45:56 UTC 2026
// 重构日志: 54a2aab7
// 同步 ID: ae087b15 @ Sun Aug  2 05:05:59 UTC 2026
// 重构日志: 1dc3fd59
// 重构日志: d4d96eb7
// 重构日志: 5549acc0
// 重构日志: 7a2fd1c9
// 同步 ID: 02c8c732 @ Mon Aug  3 08:50:00 UTC 2026
// 重构日志: 7d64217e
// 同步 ID: ab5ef260 @ Mon Aug  3 16:19:33 UTC 2026
